[21:18:46] [Render thread/WARN] (FabricLoader/Mixin) Re-entrance detected, this will cause serious problems.
 org.spongepowered.asm.mixin.transformer.throwables.ReEntrantTransformerError: Re-entrance error.
	at org.spongepowered.asm.mixin.transformer.MixinProcessor.applyMixins(MixinProcessor.java:352) ~[sponge-mixin-0.15.2+mixin.0.8.7.jar:0.15.2+mixin.0.8.7]
	at org.spongepowered.asm.mixin.transformer.MixinTransformer.transformClass(MixinTransformer.java:234) ~[sponge-mixin-0.15.2+mixin.0.8.7.jar:0.15.2+mixin.0.8.7]
	at org.spongepowered.asm.mixin.transformer.MixinTransformer.transformClassBytes(MixinTransformer.java:202) ~[sponge-mixin-0.15.2+mixin.0.8.7.jar:0.15.2+mixin.0.8.7]
	at net.fabricmc.loader.impl.launch.knot.KnotClassDelegate.getPostMixinClassByteArray(KnotClassDelegate.java:422) ~[fabric-loader-0.16.2.jar:?]
	at net.fabricmc.loader.impl.launch.knot.KnotClassDelegate.tryLoadClass(KnotClassDelegate.java:323) ~[fabric-loader-0.16.2.jar:?]
	at net.fabricmc.loader.impl.launch.knot.KnotClassDelegate.loadClass(KnotClassDelegate.java:218) ~[fabric-loader-0.16.2.jar:?]
	at net.fabricmc.loader.impl.launch.knot.KnotClassLoader.loadClass(KnotClassLoader.java:119) ~[fabric-loader-0.16.2.jar:?]
	at java.base/java.lang.ClassLoader.loadClass(ClassLoader.java:526) ~[?:?]
	at com.ChalkerCharles.morecolorful.util.EarlyRiser.lambda$registerArmPoses$1(EarlyRiser.java:26) ~[main/:?]
	at com.chocohead.mm.api.EnumAdder$EnumAddition.getParameters(EnumAdder.java:71) ~[Fabric-ASM-v2.3.jar:?]
	at com.chocohead.mm.EnumExtender.lambda$makeEnumExtender$0(EnumExtender.java:186) ~[Fabric-ASM-v2.3.jar:?]
	at com.chocohead.mm.Plugin.preApply(Plugin.java:378) ~[Fabric-ASM-v2.3.jar:?]
	at org.spongepowered.asm.mixin.transformer.PluginHandle.preApply(PluginHandle.java:158) ~[sponge-mixin-0.15.2+mixin.0.8.7.jar:0.15.2+mixin.0.8.7]
	at org.spongepowered.asm.mixin.transformer.MixinInfo.preApply(MixinInfo.java:1358) ~[sponge-mixin-0.15.2+mixin.0.8.7.jar:0.15.2+mixin.0.8.7]
	at org.spongepowered.asm.mixin.transformer.MixinTargetContext.preApply(MixinTargetContext.java:1329) ~[sponge-mixin-0.15.2+mixin.0.8.7.jar:0.15.2+mixin.0.8.7]
	at org.spongepowered.asm.mixin.transformer.MixinApplicatorStandard.apply(MixinApplicatorStandard.java:224) ~[sponge-mixin-0.15.2+mixin.0.8.7.jar:0.15.2+mixin.0.8.7]
	at org.spongepowered.asm.mixin.transformer.TargetClassContext.apply(TargetClassContext.java:437) ~[sponge-mixin-0.15.2+mixin.0.8.7.jar:0.15.2+mixin.0.8.7]
	at org.spongepowered.asm.mixin.transformer.TargetClassContext.applyMixins(TargetClassContext.java:418) ~[sponge-mixin-0.15.2+mixin.0.8.7.jar:0.15.2+mixin.0.8.7]
	at org.spongepowered.asm.mixin.transformer.MixinProcessor.applyMixins(MixinProcessor.java:363) ~[sponge-mixin-0.15.2+mixin.0.8.7.jar:0.15.2+mixin.0.8.7]
	at org.spongepowered.asm.mixin.transformer.MixinTransformer.transformClass(MixinTransformer.java:234) ~[sponge-mixin-0.15.2+mixin.0.8.7.jar:0.15.2+mixin.0.8.7]
	at org.spongepowered.asm.mixin.transformer.MixinTransformer.transformClassBytes(MixinTransformer.java:202) ~[sponge-mixin-0.15.2+mixin.0.8.7.jar:0.15.2+mixin.0.8.7]
	at net.fabricmc.loader.impl.launch.knot.KnotClassDelegate.getPostMixinClassByteArray(KnotClassDelegate.java:422) ~[fabric-loader-0.16.2.jar:?]
	at net.fabricmc.loader.impl.launch.knot.KnotClassDelegate.tryLoadClass(KnotClassDelegate.java:323) ~[fabric-loader-0.16.2.jar:?]
	at net.fabricmc.loader.impl.launch.knot.KnotClassDelegate.loadClass(KnotClassDelegate.java:218) ~[fabric-loader-0.16.2.jar:?]
	at net.fabricmc.loader.impl.launch.knot.KnotClassLoader.loadClass(KnotClassLoader.java:119) ~[fabric-loader-0.16.2.jar:?]
	at java.base/java.lang.ClassLoader.loadClass(ClassLoader.java:526) ~[?:?]
	at com.ChalkerCharles.morecolorful.client.ModItemClientSetup.setupUseAnim(ModItemClientSetup.java:40) ~[main/:?]
	at com.ChalkerCharles.morecolorful.client.ModItemClientSetup.lambda$init$0(ModItemClientSetup.java:30) ~[main/:?]
	at net.minecraft.util.thread.BlockableEventLoop.doRunTask(BlockableEventLoop.java:162) [minecraft-merged-b079c7a4c1-1.21.1-loom.mappings.1_21_1.layered+hash.2198-v2.jar:?]
	at net.minecraft.util.thread.ReentrantBlockableEventLoop.doRunTask(ReentrantBlockableEventLoop.java:23) [minecraft-merged-b079c7a4c1-1.21.1-loom.mappings.1_21_1.layered+hash.2198-v2.jar:?]
	at net.minecraft.util.thread.BlockableEventLoop.pollTask(BlockableEventLoop.java:136) [minecraft-merged-b079c7a4c1-1.21.1-loom.mappings.1_21_1.layered+hash.2198-v2.jar:?]
	at net.minecraft.util.thread.BlockableEventLoop.runAllTasks(BlockableEventLoop.java:121) [minecraft-merged-b079c7a4c1-1.21.1-loom.mappings.1_21_1.layered+hash.2198-v2.jar:?]
	at net.minecraft.client.Minecraft.runTick(Minecraft.java:1240) [minecraft-merged-b079c7a4c1-1.21.1-loom.mappings.1_21_1.layered+hash.2198-v2.jar:?]
	at net.minecraft.client.Minecraft.run(Minecraft.java:882) [minecraft-merged-b079c7a4c1-1.21.1-loom.mappings.1_21_1.layered+hash.2198-v2.jar:?]
	at net.minecraft.client.main.Main.main(Main.java:256) [minecraft-merged-b079c7a4c1-1.21.1-loom.mappings.1_21_1.layered+hash.2198-v2.jar:?]
	at net.fabricmc.loader.impl.game.minecraft.MinecraftGameProvider.launch(MinecraftGameProvider.java:480) [fabric-loader-0.16.2.jar:?]
	at net.fabricmc.loader.impl.launch.knot.Knot.launch(Knot.java:74) [fabric-loader-0.16.2.jar:?]
	at net.fabricmc.loader.impl.launch.knot.KnotClient.main(KnotClient.java:23) [fabric-loader-0.16.2.jar:?]
	at net.fabricmc.devlaunchinjector.Main.main(Main.java:86) [dev-launch-injector-0.2.1+build.8.jar:?]
[21:18:47] [Render thread/ERROR] (Minecraft) Unreported exception thrown!
 java.lang.BootstrapMethodError: java.lang.RuntimeException: Mixin transformation of net.minecraft.client.model.HumanoidModel$ArmPose failed
	at com.ChalkerCharles.morecolorful.client.ModItemClientSetup.setupUseAnim(ModItemClientSetup.java:40) ~[main/:?]
	at com.ChalkerCharles.morecolorful.client.ModItemClientSetup.lambda$init$0(ModItemClientSetup.java:30) ~[main/:?]
	at net.minecraft.util.thread.BlockableEventLoop.doRunTask(BlockableEventLoop.java:162) ~[minecraft-merged-b079c7a4c1-1.21.1-loom.mappings.1_21_1.layered+hash.2198-v2.jar:?]
	at net.minecraft.util.thread.ReentrantBlockableEventLoop.doRunTask(ReentrantBlockableEventLoop.java:23) ~[minecraft-merged-b079c7a4c1-1.21.1-loom.mappings.1_21_1.layered+hash.2198-v2.jar:?]
	at net.minecraft.util.thread.BlockableEventLoop.pollTask(BlockableEventLoop.java:136) ~[minecraft-merged-b079c7a4c1-1.21.1-loom.mappings.1_21_1.layered+hash.2198-v2.jar:?]
	at net.minecraft.util.thread.BlockableEventLoop.runAllTasks(BlockableEventLoop.java:121) ~[minecraft-merged-b079c7a4c1-1.21.1-loom.mappings.1_21_1.layered+hash.2198-v2.jar:?]
	at net.minecraft.client.Minecraft.runTick(Minecraft.java:1240) ~[minecraft-merged-b079c7a4c1-1.21.1-loom.mappings.1_21_1.layered+hash.2198-v2.jar:?]
	at net.minecraft.client.Minecraft.run(Minecraft.java:882) [minecraft-merged-b079c7a4c1-1.21.1-loom.mappings.1_21_1.layered+hash.2198-v2.jar:?]
	at net.minecraft.client.main.Main.main(Main.java:256) [minecraft-merged-b079c7a4c1-1.21.1-loom.mappings.1_21_1.layered+hash.2198-v2.jar:?]
	at net.fabricmc.loader.impl.game.minecraft.MinecraftGameProvider.launch(MinecraftGameProvider.java:480) [fabric-loader-0.16.2.jar:?]
	at net.fabricmc.loader.impl.launch.knot.Knot.launch(Knot.java:74) [fabric-loader-0.16.2.jar:?]
	at net.fabricmc.loader.impl.launch.knot.KnotClient.main(KnotClient.java:23) [fabric-loader-0.16.2.jar:?]
	at net.fabricmc.devlaunchinjector.Main.main(Main.java:86) [dev-launch-injector-0.2.1+build.8.jar:?]
Caused by: java.lang.RuntimeException: Mixin transformation of net.minecraft.client.model.HumanoidModel$ArmPose failed
	at net.fabricmc.loader.impl.launch.knot.KnotClassDelegate.getPostMixinClassByteArray(KnotClassDelegate.java:427) ~[fabric-loader-0.16.2.jar:?]
	at net.fabricmc.loader.impl.launch.knot.KnotClassDelegate.tryLoadClass(KnotClassDelegate.java:323) ~[fabric-loader-0.16.2.jar:?]
	at net.fabricmc.loader.impl.launch.knot.KnotClassDelegate.loadClass(KnotClassDelegate.java:218) ~[fabric-loader-0.16.2.jar:?]
	at net.fabricmc.loader.impl.launch.knot.KnotClassLoader.loadClass(KnotClassLoader.java:119) ~[fabric-loader-0.16.2.jar:?]
	at java.base/java.lang.ClassLoader.loadClass(ClassLoader.java:526) ~[?:?]
	... 13 more
Caused by: org.spongepowered.asm.mixin.transformer.throwables.MixinTransformerError: An unexpected critical error was encountered
	at org.spongepowered.asm.mixin.transformer.MixinProcessor.applyMixins(MixinProcessor.java:392) ~[sponge-mixin-0.15.2+mixin.0.8.7.jar:0.15.2+mixin.0.8.7]
	at org.spongepowered.asm.mixin.transformer.MixinTransformer.transformClass(MixinTransformer.java:234) ~[sponge-mixin-0.15.2+mixin.0.8.7.jar:0.15.2+mixin.0.8.7]
	at org.spongepowered.asm.mixin.transformer.MixinTransformer.transformClassBytes(MixinTransformer.java:202) ~[sponge-mixin-0.15.2+mixin.0.8.7.jar:0.15.2+mixin.0.8.7]
	at net.fabricmc.loader.impl.launch.knot.KnotClassDelegate.getPostMixinClassByteArray(KnotClassDelegate.java:422) ~[fabric-loader-0.16.2.jar:?]
	at net.fabricmc.loader.impl.launch.knot.KnotClassDelegate.tryLoadClass(KnotClassDelegate.java:323) ~[fabric-loader-0.16.2.jar:?]
	at net.fabricmc.loader.impl.launch.knot.KnotClassDelegate.loadClass(KnotClassDelegate.java:218) ~[fabric-loader-0.16.2.jar:?]
	at net.fabricmc.loader.impl.launch.knot.KnotClassLoader.loadClass(KnotClassLoader.java:119) ~[fabric-loader-0.16.2.jar:?]
	at java.base/java.lang.ClassLoader.loadClass(ClassLoader.java:526) ~[?:?]
	... 13 more
Caused by: java.lang.BootstrapMethodError: java.lang.RuntimeException: Mixin transformation of net.minecraft.client.model.HumanoidModel failed
	at com.ChalkerCharles.morecolorful.util.EarlyRiser.lambda$registerArmPoses$1(EarlyRiser.java:26) ~[main/:?]
	at com.chocohead.mm.api.EnumAdder$EnumAddition.getParameters(EnumAdder.java:71) ~[Fabric-ASM-v2.3.jar:?]
	at com.chocohead.mm.EnumExtender.lambda$makeEnumExtender$0(EnumExtender.java:186) ~[Fabric-ASM-v2.3.jar:?]
	at com.chocohead.mm.Plugin.preApply(Plugin.java:378) ~[Fabric-ASM-v2.3.jar:?]
	at org.spongepowered.asm.mixin.transformer.PluginHandle.preApply(PluginHandle.java:158) ~[sponge-mixin-0.15.2+mixin.0.8.7.jar:0.15.2+mixin.0.8.7]
	at org.spongepowered.asm.mixin.transformer.MixinInfo.preApply(MixinInfo.java:1358) ~[sponge-mixin-0.15.2+mixin.0.8.7.jar:0.15.2+mixin.0.8.7]
	at org.spongepowered.asm.mixin.transformer.MixinTargetContext.preApply(MixinTargetContext.java:1329) ~[sponge-mixin-0.15.2+mixin.0.8.7.jar:0.15.2+mixin.0.8.7]
	at org.spongepowered.asm.mixin.transformer.MixinApplicatorStandard.apply(MixinApplicatorStandard.java:224) ~[sponge-mixin-0.15.2+mixin.0.8.7.jar:0.15.2+mixin.0.8.7]
	at org.spongepowered.asm.mixin.transformer.TargetClassContext.apply(TargetClassContext.java:437) ~[sponge-mixin-0.15.2+mixin.0.8.7.jar:0.15.2+mixin.0.8.7]
	at org.spongepowered.asm.mixin.transformer.TargetClassContext.applyMixins(TargetClassContext.java:418) ~[sponge-mixin-0.15.2+mixin.0.8.7.jar:0.15.2+mixin.0.8.7]
	at org.spongepowered.asm.mixin.transformer.MixinProcessor.applyMixins(MixinProcessor.java:363) ~[sponge-mixin-0.15.2+mixin.0.8.7.jar:0.15.2+mixin.0.8.7]
	at org.spongepowered.asm.mixin.transformer.MixinTransformer.transformClass(MixinTransformer.java:234) ~[sponge-mixin-0.15.2+mixin.0.8.7.jar:0.15.2+mixin.0.8.7]
	at org.spongepowered.asm.mixin.transformer.MixinTransformer.transformClassBytes(MixinTransformer.java:202) ~[sponge-mixin-0.15.2+mixin.0.8.7.jar:0.15.2+mixin.0.8.7]
	at net.fabricmc.loader.impl.launch.knot.KnotClassDelegate.getPostMixinClassByteArray(KnotClassDelegate.java:422) ~[fabric-loader-0.16.2.jar:?]
	at net.fabricmc.loader.impl.launch.knot.KnotClassDelegate.tryLoadClass(KnotClassDelegate.java:323) ~[fabric-loader-0.16.2.jar:?]
	at net.fabricmc.loader.impl.launch.knot.KnotClassDelegate.loadClass(KnotClassDelegate.java:218) ~[fabric-loader-0.16.2.jar:?]
	at net.fabricmc.loader.impl.launch.knot.KnotClassLoader.loadClass(KnotClassLoader.java:119) ~[fabric-loader-0.16.2.jar:?]
	at java.base/java.lang.ClassLoader.loadClass(ClassLoader.java:526) ~[?:?]
	... 13 more
Caused by: java.lang.RuntimeException: Mixin transformation of net.minecraft.client.model.HumanoidModel failed
	at net.fabricmc.loader.impl.launch.knot.KnotClassDelegate.getPostMixinClassByteArray(KnotClassDelegate.java:427) ~[fabric-loader-0.16.2.jar:?]
	at net.fabricmc.loader.impl.launch.knot.KnotClassDelegate.tryLoadClass(KnotClassDelegate.java:323) ~[fabric-loader-0.16.2.jar:?]
	at net.fabricmc.loader.impl.launch.knot.KnotClassDelegate.loadClass(KnotClassDelegate.java:218) ~[fabric-loader-0.16.2.jar:?]
	at net.fabricmc.loader.impl.launch.knot.KnotClassLoader.loadClass(KnotClassLoader.java:119) ~[fabric-loader-0.16.2.jar:?]
	at java.base/java.lang.ClassLoader.loadClass(ClassLoader.java:526) ~[?:?]
	at com.ChalkerCharles.morecolorful.util.EarlyRiser.lambda$registerArmPoses$1(EarlyRiser.java:26) ~[main/:?]
	at com.chocohead.mm.api.EnumAdder$EnumAddition.getParameters(EnumAdder.java:71) ~[Fabric-ASM-v2.3.jar:?]
	at com.chocohead.mm.EnumExtender.lambda$makeEnumExtender$0(EnumExtender.java:186) ~[Fabric-ASM-v2.3.jar:?]
	at com.chocohead.mm.Plugin.preApply(Plugin.java:378) ~[Fabric-ASM-v2.3.jar:?]
	at org.spongepowered.asm.mixin.transformer.PluginHandle.preApply(PluginHandle.java:158) ~[sponge-mixin-0.15.2+mixin.0.8.7.jar:0.15.2+mixin.0.8.7]
	at org.spongepowered.asm.mixin.transformer.MixinInfo.preApply(MixinInfo.java:1358) ~[sponge-mixin-0.15.2+mixin.0.8.7.jar:0.15.2+mixin.0.8.7]
	at org.spongepowered.asm.mixin.transformer.MixinTargetContext.preApply(MixinTargetContext.java:1329) ~[sponge-mixin-0.15.2+mixin.0.8.7.jar:0.15.2+mixin.0.8.7]
	at org.spongepowered.asm.mixin.transformer.MixinApplicatorStandard.apply(MixinApplicatorStandard.java:224) ~[sponge-mixin-0.15.2+mixin.0.8.7.jar:0.15.2+mixin.0.8.7]
	at org.spongepowered.asm.mixin.transformer.TargetClassContext.apply(TargetClassContext.java:437) ~[sponge-mixin-0.15.2+mixin.0.8.7.jar:0.15.2+mixin.0.8.7]
	at org.spongepowered.asm.mixin.transformer.TargetClassContext.applyMixins(TargetClassContext.java:418) ~[sponge-mixin-0.15.2+mixin.0.8.7.jar:0.15.2+mixin.0.8.7]
	at org.spongepowered.asm.mixin.transformer.MixinProcessor.applyMixins(MixinProcessor.java:363) ~[sponge-mixin-0.15.2+mixin.0.8.7.jar:0.15.2+mixin.0.8.7]
	at org.spongepowered.asm.mixin.transformer.MixinTransformer.transformClass(MixinTransformer.java:234) ~[sponge-mixin-0.15.2+mixin.0.8.7.jar:0.15.2+mixin.0.8.7]
	at org.spongepowered.asm.mixin.transformer.MixinTransformer.transformClassBytes(MixinTransformer.java:202) ~[sponge-mixin-0.15.2+mixin.0.8.7.jar:0.15.2+mixin.0.8.7]
	at net.fabricmc.loader.impl.launch.knot.KnotClassDelegate.getPostMixinClassByteArray(KnotClassDelegate.java:422) ~[fabric-loader-0.16.2.jar:?]
	at net.fabricmc.loader.impl.launch.knot.KnotClassDelegate.tryLoadClass(KnotClassDelegate.java:323) ~[fabric-loader-0.16.2.jar:?]
	at net.fabricmc.loader.impl.launch.knot.KnotClassDelegate.loadClass(KnotClassDelegate.java:218) ~[fabric-loader-0.16.2.jar:?]
	at net.fabricmc.loader.impl.launch.knot.KnotClassLoader.loadClass(KnotClassLoader.java:119) ~[fabric-loader-0.16.2.jar:?]
	at java.base/java.lang.ClassLoader.loadClass(ClassLoader.java:526) ~[?:?]
	... 13 more
Caused by: org.spongepowered.asm.mixin.transformer.throwables.ReEntrantTransformerError: Re-entrance error.
	at org.spongepowered.asm.mixin.transformer.MixinProcessor.applyMixins(MixinProcessor.java:352) ~[sponge-mixin-0.15.2+mixin.0.8.7.jar:0.15.2+mixin.0.8.7]
	at org.spongepowered.asm.mixin.transformer.MixinTransformer.transformClass(MixinTransformer.java:234) ~[sponge-mixin-0.15.2+mixin.0.8.7.jar:0.15.2+mixin.0.8.7]
	at org.spongepowered.asm.mixin.transformer.MixinTransformer.transformClassBytes(MixinTransformer.java:202) ~[sponge-mixin-0.15.2+mixin.0.8.7.jar:0.15.2+mixin.0.8.7]
	at net.fabricmc.loader.impl.launch.knot.KnotClassDelegate.getPostMixinClassByteArray(KnotClassDelegate.java:422) ~[fabric-loader-0.16.2.jar:?]
	at net.fabricmc.loader.impl.launch.knot.KnotClassDelegate.tryLoadClass(KnotClassDelegate.java:323) ~[fabric-loader-0.16.2.jar:?]
	at net.fabricmc.loader.impl.launch.knot.KnotClassDelegate.loadClass(KnotClassDelegate.java:218) ~[fabric-loader-0.16.2.jar:?]
	at net.fabricmc.loader.impl.launch.knot.KnotClassLoader.loadClass(KnotClassLoader.java:119) ~[fabric-loader-0.16.2.jar:?]
	at java.base/java.lang.ClassLoader.loadClass(ClassLoader.java:526) ~[?:?]
	at com.ChalkerCharles.morecolorful.util.EarlyRiser.lambda$registerArmPoses$1(EarlyRiser.java:26) ~[main/:?]
	at com.chocohead.mm.api.EnumAdder$EnumAddition.getParameters(EnumAdder.java:71) ~[Fabric-ASM-v2.3.jar:?]
	at com.chocohead.mm.EnumExtender.lambda$makeEnumExtender$0(EnumExtender.java:186) ~[Fabric-ASM-v2.3.jar:?]
	at com.chocohead.mm.Plugin.preApply(Plugin.java:378) ~[Fabric-ASM-v2.3.jar:?]
	at org.spongepowered.asm.mixin.transformer.PluginHandle.preApply(PluginHandle.java:158) ~[sponge-mixin-0.15.2+mixin.0.8.7.jar:0.15.2+mixin.0.8.7]
	at org.spongepowered.asm.mixin.transformer.MixinInfo.preApply(MixinInfo.java:1358) ~[sponge-mixin-0.15.2+mixin.0.8.7.jar:0.15.2+mixin.0.8.7]
	at org.spongepowered.asm.mixin.transformer.MixinTargetContext.preApply(MixinTargetContext.java:1329) ~[sponge-mixin-0.15.2+mixin.0.8.7.jar:0.15.2+mixin.0.8.7]
	at org.spongepowered.asm.mixin.transformer.MixinApplicatorStandard.apply(MixinApplicatorStandard.java:224) ~[sponge-mixin-0.15.2+mixin.0.8.7.jar:0.15.2+mixin.0.8.7]
	at org.spongepowered.asm.mixin.transformer.TargetClassContext.apply(TargetClassContext.java:437) ~[sponge-mixin-0.15.2+mixin.0.8.7.jar:0.15.2+mixin.0.8.7]
	at org.spongepowered.asm.mixin.transformer.TargetClassContext.applyMixins(TargetClassContext.java:418) ~[sponge-mixin-0.15.2+mixin.0.8.7.jar:0.15.2+mixin.0.8.7]
	at org.spongepowered.asm.mixin.transformer.MixinProcessor.applyMixins(MixinProcessor.java:363) ~[sponge-mixin-0.15.2+mixin.0.8.7.jar:0.15.2+mixin.0.8.7]
	at org.spongepowered.asm.mixin.transformer.MixinTransformer.transformClass(MixinTransformer.java:234) ~[sponge-mixin-0.15.2+mixin.0.8.7.jar:0.15.2+mixin.0.8.7]
	at org.spongepowered.asm.mixin.transformer.MixinTransformer.transformClassBytes(MixinTransformer.java:202) ~[sponge-mixin-0.15.2+mixin.0.8.7.jar:0.15.2+mixin.0.8.7]
	at net.fabricmc.loader.impl.launch.knot.KnotClassDelegate.getPostMixinClassByteArray(KnotClassDelegate.java:422) ~[fabric-loader-0.16.2.jar:?]
	at net.fabricmc.loader.impl.launch.knot.KnotClassDelegate.tryLoadClass(KnotClassDelegate.java:323) ~[fabric-loader-0.16.2.jar:?]
	at net.fabricmc.loader.impl.launch.knot.KnotClassDelegate.loadClass(KnotClassDelegate.java:218) ~[fabric-loader-0.16.2.jar:?]
	at net.fabricmc.loader.impl.launch.knot.KnotClassLoader.loadClass(KnotClassLoader.java:119) ~[fabric-loader-0.16.2.jar:?]
	at java.base/java.lang.ClassLoader.loadClass(ClassLoader.java:526) ~[?:?]
	... 13 more
[21:18:47] [Worker-Main-5/INFO] (Minecraft) Found unifont_all_no_pua-15.1.05.hex, loading
---- Minecraft Crash Report ----
// Uh... Did I do that?

Time: 2025-05-01 21:18:47
Description: Unexpected error

java.lang.BootstrapMethodError: java.lang.RuntimeException: Mixin transformation of net.minecraft.client.model.HumanoidModel$ArmPose failed
	at com.ChalkerCharles.morecolorful.client.ModItemClientSetup.setupUseAnim(ModItemClientSetup.java:40)
	at com.ChalkerCharles.morecolorful.client.ModItemClientSetup.lambda$init$0(ModItemClientSetup.java:30)
	at net.minecraft.util.thread.BlockableEventLoop.doRunTask(BlockableEventLoop.java:162)
	at net.minecraft.util.thread.ReentrantBlockableEventLoop.doRunTask(ReentrantBlockableEventLoop.java:23)
	at net.minecraft.util.thread.BlockableEventLoop.pollTask(BlockableEventLoop.java:136)
	at net.minecraft.util.thread.BlockableEventLoop.runAllTasks(BlockableEventLoop.java:121)
	at net.minecraft.client.Minecraft.runTick(Minecraft.java:1240)
	at net.minecraft.client.Minecraft.run(Minecraft.java:882)
	at net.minecraft.client.main.Main.main(Main.java:256)
	at net.fabricmc.loader.impl.game.minecraft.MinecraftGameProvider.launch(MinecraftGameProvider.java:480)
	at net.fabricmc.loader.impl.launch.knot.Knot.launch(Knot.java:74)
	at net.fabricmc.loader.impl.launch.knot.KnotClient.main(KnotClient.java:23)
	at net.fabricmc.devlaunchinjector.Main.main(Main.java:86)
Caused by: java.lang.RuntimeException: Mixin transformation of net.minecraft.client.model.HumanoidModel$ArmPose failed
	at net.fabricmc.loader.impl.launch.knot.KnotClassDelegate.getPostMixinClassByteArray(KnotClassDelegate.java:427)
	at net.fabricmc.loader.impl.launch.knot.KnotClassDelegate.tryLoadClass(KnotClassDelegate.java:323)
	at net.fabricmc.loader.impl.launch.knot.KnotClassDelegate.loadClass(KnotClassDelegate.java:218)
	at net.fabricmc.loader.impl.launch.knot.KnotClassLoader.loadClass(KnotClassLoader.java:119)
	at java.base/java.lang.ClassLoader.loadClass(ClassLoader.java:526)
	... 13 more
Caused by: org.spongepowered.asm.mixin.transformer.throwables.MixinTransformerError: An unexpected critical error was encountered
	at org.spongepowered.asm.mixin.transformer.MixinProcessor.applyMixins(MixinProcessor.java:392)
	at org.spongepowered.asm.mixin.transformer.MixinTransformer.transformClass(MixinTransformer.java:234)
	at org.spongepowered.asm.mixin.transformer.MixinTransformer.transformClassBytes(MixinTransformer.java:202)
	at net.fabricmc.loader.impl.launch.knot.KnotClassDelegate.getPostMixinClassByteArray(KnotClassDelegate.java:422)
	... 17 more
Caused by: java.lang.BootstrapMethodError: java.lang.RuntimeException: Mixin transformation of net.minecraft.client.model.HumanoidModel failed
	at com.ChalkerCharles.morecolorful.util.EarlyRiser.lambda$registerArmPoses$1(EarlyRiser.java:26)
	at com.chocohead.mm.api.EnumAdder$EnumAddition.getParameters(EnumAdder.java:71)
	at com.chocohead.mm.EnumExtender.lambda$makeEnumExtender$0(EnumExtender.java:186)
	at com.chocohead.mm.Plugin.preApply(Plugin.java:378)
	at org.spongepowered.asm.mixin.transformer.PluginHandle.preApply(PluginHandle.java:158)
	at org.spongepowered.asm.mixin.transformer.MixinInfo.preApply(MixinInfo.java:1358)
	at org.spongepowered.asm.mixin.transformer.MixinTargetContext.preApply(MixinTargetContext.java:1329)
	at org.spongepowered.asm.mixin.transformer.MixinApplicatorStandard.apply(MixinApplicatorStandard.java:224)
	at org.spongepowered.asm.mixin.transformer.TargetClassContext.apply(TargetClassContext.java:437)
	at org.spongepowered.asm.mixin.transformer.TargetClassContext.applyMixins(TargetClassContext.java:418)
	at org.spongepowered.asm.mixin.transformer.MixinProcessor.applyMixins(MixinProcessor.java:363)
	... 20 more
Caused by: java.lang.RuntimeException: Mixin transformation of net.minecraft.client.model.HumanoidModel failed
	at net.fabricmc.loader.impl.launch.knot.KnotClassDelegate.getPostMixinClassByteArray(KnotClassDelegate.java:427)
	at net.fabricmc.loader.impl.launch.knot.KnotClassDelegate.tryLoadClass(KnotClassDelegate.java:323)
	at net.fabricmc.loader.impl.launch.knot.KnotClassDelegate.loadClass(KnotClassDelegate.java:218)
	at net.fabricmc.loader.impl.launch.knot.KnotClassLoader.loadClass(KnotClassLoader.java:119)
	at java.base/java.lang.ClassLoader.loadClass(ClassLoader.java:526)
	... 31 more
Caused by: org.spongepowered.asm.mixin.transformer.throwables.ReEntrantTransformerError: Re-entrance error.
	at org.spongepowered.asm.mixin.transformer.MixinProcessor.applyMixins(MixinProcessor.java:352)
	at org.spongepowered.asm.mixin.transformer.MixinTransformer.transformClass(MixinTransformer.java:234)
	at org.spongepowered.asm.mixin.transformer.MixinTransformer.transformClassBytes(MixinTransformer.java:202)
	at net.fabricmc.loader.impl.launch.knot.KnotClassDelegate.getPostMixinClassByteArray(KnotClassDelegate.java:422)
	... 35 more


A detailed walkthrough of the error, its code path and all known details is as follows:
---------------------------------------------------------------------------------------

-- Head --
Thread: Render thread
Stacktrace:
	at com.ChalkerCharles.morecolorful.client.ModItemClientSetup.setupUseAnim(ModItemClientSetup.java:40)
	at com.ChalkerCharles.morecolorful.client.ModItemClientSetup.lambda$init$0(ModItemClientSetup.java:30)
	at net.minecraft.util.thread.BlockableEventLoop.doRunTask(BlockableEventLoop.java:162)
	at net.minecraft.util.thread.ReentrantBlockableEventLoop.doRunTask(ReentrantBlockableEventLoop.java:23)
	at net.minecraft.util.thread.BlockableEventLoop.pollTask(BlockableEventLoop.java:136)
